
Clover EFI installer log - Fri May 26 10:37:56 WIB 2017
Installer version: v2.4k r4077 EFI bootloader
======================================================
/dev/disk0 (internal, physical):
   #:                       TYPE NAME                    SIZE       IDENTIFIER
   0:      GUID_partition_scheme                        *500.1 GB   disk0
   1:                        EFI EFI                     209.7 MB   disk0s1
   2:                  Apple_HFS macOS                   499.2 GB   disk0s2
   3:                 Apple_Boot Recovery HD             650.0 MB   disk0s3

======================================================
Backing up EFI files

Backing up stage2 file /Volumes/macOS/EFIROOTDIR/boot  to /Volumes/macOS/EFI-Backups/r4061/2017-05-26-10h37/boot
Backing up /Volumes/macOS/EFIROOTDIR/EFI folder to /Volumes/macOS/EFI-Backups/r4061/2017-05-26-10h37/EFI
======================================================
Installing BootSectors/BootLoader

Stage 0 - Don't write any of boot0af, boot0md, boot0ss to /
Stage 1 - Don't write any of boot1h2, boot1f32alt, boot1xalt to /
Stage 2 - Written boot6 (x64) to /Volumes/EFI/boot

======================================================
=========== Clover EFI Installation Finish ===========
======================================================
