
Clover EFI installer log - Sun Oct  2 02:35:31 WIB 2016
Installer version: v2.3k r3773 EFI bootloader
======================================================
/dev/disk0 (internal, physical):
   #:                       TYPE NAME                    SIZE       IDENTIFIER
   0:      GUID_partition_scheme                        *500.1 GB   disk0
   1:                        EFI EFI                     209.7 MB   disk0s1
   2:                  Apple_HFS macOS                   249.9 GB   disk0s2
   3:       Microsoft Basic Data                         249.7 GB   disk0s3
/dev/disk1 (external, physical):
   #:                       TYPE NAME                    SIZE       IDENTIFIER
   0:      GUID_partition_scheme                        *8.0 GB     disk1
   1:                        EFI EFI                     209.7 MB   disk1s1
   2:                  Apple_HFS Install OS X El Capitan 7.7 GB     disk1s2
======================================================
Backing up EFI files

Backing up stage2 file /Volumes/macOS/EFIROOTDIR/boot  to /Volumes/macOS/EFI-Backups/r3773/2016-10-02-02h35/boot
Backing up /Volumes/macOS/EFIROOTDIR/EFI folder to /Volumes/macOS/EFI-Backups/r3773/2016-10-02-02h35/EFI
Current Active Partition: 3

Stage 0 - Writting boot0af to /dev/disk0
//usr/local/bin/fdisk440 -u -f //usr/standalone/i386/boot0af -y /dev/disk0

Stage 1 - Writting boot1f32 to /dev/rdisk0s1
dd if=/dev/rdisk0s1 count=1 bs=512 of=/tmp/origbs
boot volume format is FAT32
cp /tmp/boot1f32 /tmp/newbs
dd if=/tmp/origbs of=/tmp/newbs skip=3 seek=3 bs=1 count=87 conv=notrunc
dd if=/tmp/newbs of=/dev/rdisk0s1

Stage 2 - Written boot6 (x64) to /Volumes/EFI/boot

======================================================
=========== Clover EFI Installation Finish ===========
======================================================
